// Jest Snapshot v1, https://goo.gl/fbAQLP

exports[`ApplicationDashboard renders correctly 1`] = `
<div>
  Dashboard
</div>
`;
